vlib/v/checker/tests/struct_field_reference_type_err.vv:17:3: error: reference field must be initialized with reference
   15 |
   16 |     animal.duck = Duck{
   17 |         age: animal.ageee
      |         ~~~~~~~~~~~~~~~~~
   18 |     }
   19 |     dump(animal.duck.age)
