vlib/v/parser/tests/select_bad_key_2.vv:7:5: error: select key: `<-` operator expected
    5 |             println(b)
    6 |         }
    7 |         a + 7 {
      |           ^
    8 |             println("shouldn't get here")
    9 |         }
